 D ../compile
 M ../include/builtins.h
 M ../include/searchdirs.h
?? ../build/builtin_names
?? ../build/conftest
?? ../build/make_builtins
?? ../build/make_builtins.dSYM/
?? ../config.h
?? ../config.log
?? ../config.status
?? ../g.out
?? ../include/osx_i386_builtins.h
?? ../include/osx_ppc_builtins.h
?? ../libtool
?? ../src/ctcc
?? ../src/ctdb
?? g.out
